Schemathesis v4.23.0
━━━━━━━━━━━━━━━━━━━━

 🕛  Loading specification from                                                
     C:\Users\miaot\Github\MIST\evaluation\suts\oteldemo\openapi\oteldemo-swag… 🕐  Loading specification from                                                
     C:\Users\miaot\Github\MIST\evaluation\suts\oteldemo\openapi\oteldemo-swag… 🕐  Loading specification from                                                
     C:\Users\miaot\Github\MIST\evaluation\suts\oteldemo\openapi\oteldemo-swag…
 ✅  Loaded specification from                                                 
 C:\Users\miaot\Github\MIST\evaluation\suts\oteldemo\openapi\oteldemo-swagger. 
 yaml (in 0.17s)                                                               

     Base URL:         http://127.0.0.1:8770                                   
     Specification:    Open API 2.0                                            
     Operations:       3 selected / 6 total                                    

 🕛  Probing API capabilities 🕛  Probing API capabilities
 ✅  API capabilities:                                                         

     Supports NULL byte in headers:                            ✓               
     Accepts backslash and control characters in URL paths:    ✓               

     Examples

     0:00:00 ------------------------------------------------------- 100% (3/3)


     ⏭  3 skipped
 ⏭   Examples (in 0.12s)                                                       
                                                                               
     ⏭  3 skipped                                                              

 🕛  Coverage

     0:00:00 --------------------------------------------------------- 0% (0/3)

   ⠋ 0:00:00  POST /cart

           Coverage

     0:00:00 ------------------------------------------------------- 100% (3/3)


     ❌ 3 failed     Coverage

     0:00:00 ------------------------------------------------------- 100% (3/3)


     ❌ 3 failed
 ❌  Coverage (in 0.28s)                                                       
                                                                               
     ❌ 3 failed                                                               

 🕛  Fuzzing

     0:00:00 --------------------------------------------------------- 0% (0/3)

   ⠋ 0:00:00  POST /cart

       🕐  Fuzzing

     0:00:00 ------------------ ------------------------------------- 33% (1/3)

   ⠙ 0:00:00  POST /checkout

     ❌ 1 failed 🕑  Fuzzing

     0:00:00 ------------------ ------------------------------------- 33% (1/3)

   ⠹ 0:00:00  POST /checkout

     ❌ 1 failed     Fuzzing

     0:00:00 ------------------------------------------------------- 100% (3/3)


     ✅ 1 passed  ❌ 2 failed     Fuzzing

     0:00:00 ------------------------------------------------------- 100% (3/3)


     ✅ 1 passed  ❌ 2 failed
 ❌  Fuzzing (in 0.52s)                                                        
                                                                               
     ✅ 1 passed  ❌ 2 failed                                                  

=================================== FAILURES ===================================
__________________________________ GET /cart ___________________________________
1. Test Case ID: usjTXi

- Undocumented HTTP status code

    Received: 404
    Documented: 200

[404] Not Found:

    `{"error":"not recorded"}`

Reproduce with:

    curl -X GET 'http://127.0.0.1:8770/cart?sessionId=%5BFiltered%5D&x-schemathesis-unknown-property=42'
    
    st replay usjTXi

__________________________________ POST /cart __________________________________
1. Test Case ID: DAc9C3

- API accepted schema-violating request

    Invalid data should have been rejected
    Expected: 400, 401, 403, 404, 405, 406, 409, 422, 428, 5xx
    Invalid component: in body - invalid syntax: random bytes

[200] OK:

    `{"userId":"cde65362-3c74-4813-8ddf-3a46a4375e45","items":[{"productId":"0PUK6V6EV0","quantity":1}]}`

Reproduce with:

    curl -X POST -H 'Content-Type: application/json' -d $'\x00' http://127.0.0.1:8770/cart
    
    st replay DAc9C3

_________________________________ TRACE /cart __________________________________
1. Test Case ID: eRBy8a

- Server error

- Unsupported methods

    Unsupported method TRACE returned 501, expected 405 Method Not Allowed

    Return 405 for methods not listed in the OpenAPI spec

[501] Not Implemented:

    `<!DOCTYPE HTML>
    <html lang="en">
        <head>
            <meta charset="utf-8">
            <title>Error response</title>
        </head>
        <body>
            <h1>Error response</h1>
            <p>Error code: 501</p>
            <p>Message: Unsupported method ('TRACE').</p>
            <p>Error code explanation: 501 - Server does not support this operation.</p>
        </body>
    </html>`

Reproduce with:

    curl -X TRACE -H 'Content-Type: application/json' -d '{"userId": "", "item": {"productId": "", "quantity": 0}}' http://127.0.0.1:8770/cart
    
    st replay eRBy8a

_______________________________ TRACE /checkout ________________________________
1. Test Case ID: N1p3Ii

- Server error

- Unsupported methods

    Unsupported method TRACE returned 501, expected 405 Method Not Allowed

    Return 405 for methods not listed in the OpenAPI spec

[501] Not Implemented:

    `<!DOCTYPE HTML>
    <html lang="en">
        <head>
            <meta charset="utf-8">
            <title>Error response</title>
        </head>
        <body>
            <h1>Error response</h1>
            <p>Error code: 501</p>
            <p>Message: Unsupported method ('TRACE').</p>
            <p>Error code explanation: 501 - Server does not support this operation.</p>
        </body>
    </html>`

Reproduce with:

    curl -X TRACE -H 'Content-Type: application/json' -d '{"userId": "", "userCurrency": "", "email": "", "address": {"streetAddress": "", "city": "", "state": "", "country": "", "zipCode": ""}, "creditCard": {"creditCardNumber": "", "creditCardCvv": 0, "creditCardExpirationYear": 0, "creditCardExpirationMonth": 0}}' 'http://127.0.0.1:8770/checkout?currencyCode='
    
    st replay N1p3Ii

=================================== SUMMARY ====================================

API Operations:
  Selected: 3/6
  Tested: 3

Test Phases:
  ⏭  Examples
  ❌ Coverage
  ❌ Fuzzing
  ⏭  Stateful (not applicable)

Failures:
  ❌ Server error: 2
  ❌ API accepted schema-violating request: 1
  ❌ Undocumented HTTP status code: 1
  ❌ Unsupported methods: 2

Test cases:
  16 generated, 4 found 6 unique failures

Seed: 7

============================= 6 failures in 1.02s ==============================
